// Vitest Snapshot v1, https://vitest.dev/guide/snapshot.html

exports[`BaseBadge > should display "label" (Label), "value" (Value) 1`] = `"Label"`;

exports[`BaseBadge > should display "label" (Label), "value" (Value) 2`] = `"Value"`;
