// Vitest Snapshot v1, https://vitest.dev/guide/snapshot.html

exports[`Version > should display "version" (0.0.1) 1`] = `"0.0.1"`;
