// Vitest Snapshot v1, https://vitest.dev/guide/snapshot.html

exports[`Vue3BbResize > Should not display any selected borders when set to "disabled" (--b) 1`] = `0`;

exports[`Vue3BbResize > Should not display any selected borders when set to "disabled" (--h) 1`] = `0`;

exports[`Vue3BbResize > Should not display any selected borders when set to "disabled" (--l) 1`] = `0`;

exports[`Vue3BbResize > Should not display any selected borders when set to "disabled" (--r) 1`] = `0`;

exports[`Vue3BbResize > Should not display any selected borders when set to "disabled" (--t) 1`] = `0`;

exports[`Vue3BbResize > Should not display any selected borders when set to "disabled" (--v) 1`] = `0`;

exports[`Vue3BbResize > classes > should have "--b" class 1`] = `true`;

exports[`Vue3BbResize > classes > should have "--l" class 1`] = `true`;

exports[`Vue3BbResize > classes > should have "--r" class 1`] = `true`;

exports[`Vue3BbResize > classes > should have "--t" class 1`] = `true`;

exports[`Vue3BbResize > components > should not render any pane element 1`] = `0`;

exports[`Vue3BbResize > components > should not render any pane element 2`] = `0`;

exports[`Vue3BbResize > components > should not render any pane element 3`] = `0`;

exports[`Vue3BbResize > components > should render bl panes (panes computed value) 1`] = `2`;

exports[`Vue3BbResize > components > should render bltr panes (panes computed value) 1`] = `4`;

exports[`Vue3BbResize > components > should render ltrb panes (panes computed value) 1`] = `4`;

exports[`Vue3BbResize > components > should render rl panes (panes computed value) 1`] = `2`;

exports[`Vue3BbResize > components > should render tr panes (panes computed value) 1`] = `2`;

exports[`Vue3BbResize > slots > should render default slot 1`] = `
"<div class="bb-resize--container" data-testid="bb-resize-container">
  <p>Inner Container</p>
</div>"
`;
