// Vitest Snapshot v1, https://vitest.dev/guide/snapshot.html

exports[`Boundarize > classes > each element should have custom prefix (my-prefix) 1`] = `
[
  "my-prefix-pane",
  "--r",
  "hide",
]
`;

exports[`Boundarize > classes > each element should have custom prefix (my-prefix) 2`] = `
[
  "my-prefix-pane",
  "--r",
  "hide",
]
`;

exports[`Boundarize > classes > should have "hide class by default" 1`] = `true`;

exports[`Boundarize > classes > should have "show class" 1`] = `true`;

exports[`Boundarize > events > drag > should emit "drag:start -> drag:move -> drag:end" with {x, y, dir} 1`] = `
[
  {
    "dir": "r",
    "x": 1,
    "y": 1,
  },
  {
    "dir": "r",
    "x": 2,
    "y": 2,
  },
  {
    "dir": "r",
    "x": 3,
    "y": 3,
  },
]
`;

exports[`Boundarize > events > focus > should emit "focus" with state (false) 1`] = `false`;

exports[`Boundarize > events > focus > should emit "focus" with state (true) 1`] = `true`;

exports[`Boundarize > options > knob > pane (--b) should rotated to (0 deg) 1`] = `"width: 64px; min-width: 64px; height: 6px; background: gray; border-radius: 8px; transition: background, height 125ms ease-out; transform: rotate(0deg);"`;

exports[`Boundarize > options > knob > pane (--l) should rotated to (90 deg) 1`] = `"width: 64px; min-width: 64px; height: 6px; background: gray; border-radius: 8px; transition: background, height 125ms ease-out; transform: rotate(90deg);"`;

exports[`Boundarize > options > knob > pane (--r) should rotated to (90 deg) 1`] = `"width: 64px; min-width: 64px; height: 6px; background: gray; border-radius: 8px; transition: background, height 125ms ease-out; transform: rotate(90deg);"`;

exports[`Boundarize > options > knob > pane (--t) should rotated to (0 deg) 1`] = `"width: 64px; min-width: 64px; height: 6px; background: gray; border-radius: 8px; transition: background, height 125ms ease-out; transform: rotate(0deg);"`;

exports[`Boundarize > options > knob > should always show knob 1`] = `"boundarize-knob"`;

exports[`Boundarize > styles > cursor > active > custom styles (options) > custom cursor style should be "ew-resize" (--b) 1`] = `"position: absolute; display: flex; align-items: center; justify-content: center; transition: background, height 125ms ease-out; z-index: 9999; cursor: ew-resize; background: blue;"`;

exports[`Boundarize > styles > cursor > active > custom styles (options) > custom cursor style should be "ew-resize" (--l) 1`] = `"position: absolute; display: flex; align-items: center; justify-content: center; transition: background, height 125ms ease-out; z-index: 9999; cursor: ew-resize; background: blue;"`;

exports[`Boundarize > styles > cursor > active > custom styles (options) > custom cursor style should be "ew-resize" (--r) 1`] = `"position: absolute; display: flex; align-items: center; justify-content: center; transition: background, height 125ms ease-out; z-index: 9999; cursor: ew-resize; background: blue;"`;

exports[`Boundarize > styles > cursor > active > custom styles (options) > custom cursor style should be "ew-resize" (--t) 1`] = `"position: absolute; display: flex; align-items: center; justify-content: center; transition: background, height 125ms ease-out; z-index: 9999; cursor: ew-resize; background: blue;"`;

exports[`Boundarize > styles > cursor > active > custom styles (options) > the pane (--b) should have "{ left: '0px', bottom: '6px', width: '100%', height: '0px' }" styles 1`] = `"position: absolute; display: block; z-index: 9999; left: 0px; bottom: 6px; width: 100%; height: 0px;"`;

exports[`Boundarize > styles > cursor > active > custom styles (options) > the pane (--l) should have "{ top: '0px', left: '6px', width: '0px', height: '100%' }" styles 1`] = `"position: absolute; display: block; z-index: 9999; top: 0px; left: 6px; width: 0px; height: 100%;"`;

exports[`Boundarize > styles > cursor > active > custom styles (options) > the pane (--r) should have "{ top: '0px', right: '6px', width: '0px', height: '100%' }" styles 1`] = `"position: absolute; display: block; z-index: 9999; top: 0px; right: 6px; width: 0px; height: 100%;"`;

exports[`Boundarize > styles > cursor > active > custom styles (options) > the pane (--t) should have "{ left: '0px', top: '6px', width: '100%', height: '0px' }" styles 1`] = `"position: absolute; display: block; z-index: 9999; left: 0px; top: 6px; width: 100%; height: 0px;"`;

exports[`Boundarize > styles > cursor > active > custom styles (options) > the pane splitter (--b) should have "{ top: '0px', height: '12px', width: '100%' }" styles 1`] = `"position: absolute; display: flex; align-items: center; justify-content: center; transition: background, height 125ms ease-out; z-index: 9999; background: none; top: 0px; height: 12px; width: 100%;"`;

exports[`Boundarize > styles > cursor > active > custom styles (options) > the pane splitter (--l) should have "{ right: '0px', width: '12px', height: '100%' }" styles 1`] = `"position: absolute; display: flex; align-items: center; justify-content: center; transition: background, height 125ms ease-out; z-index: 9999; background: none; right: 0px; width: 12px; height: 100%;"`;

exports[`Boundarize > styles > cursor > active > custom styles (options) > the pane splitter (--r) should have "{ left: '0px', width: '12px', height: '100%' }" styles 1`] = `"position: absolute; display: flex; align-items: center; justify-content: center; transition: background, height 125ms ease-out; z-index: 9999; background: none; left: 0px; width: 12px; height: 100%;"`;

exports[`Boundarize > styles > cursor > active > custom styles (options) > the pane splitter (--t) should have "{ bottom: '0px', height: '12px', width: '100%' }" styles 1`] = `"position: absolute; display: flex; align-items: center; justify-content: center; transition: background, height 125ms ease-out; z-index: 9999; background: none; bottom: 0px; height: 12px; width: 100%;"`;

exports[`Boundarize > styles > cursor > active > default styles > default cursor style should be "col-resize" (--h) 1`] = `"position: absolute; display: flex; align-items: center; justify-content: center; transition: background, height 125ms ease-out; z-index: 9999; cursor: col-resize; background: blue;"`;

exports[`Boundarize > styles > cursor > active > default styles > default cursor style should be "col-resize" (--l) 1`] = `"position: absolute; display: flex; align-items: center; justify-content: center; transition: background, height 125ms ease-out; z-index: 9999; right: 0px; width: 4px; height: 100%; cursor: col-resize; background: blue;"`;

exports[`Boundarize > styles > cursor > active > default styles > default cursor style should be "col-resize" (--r) 1`] = `"position: absolute; display: flex; align-items: center; justify-content: center; transition: background, height 125ms ease-out; z-index: 9999; left: 0px; width: 4px; height: 100%; cursor: col-resize; background: blue;"`;

exports[`Boundarize > styles > cursor > active > default styles > default cursor style should be "row-resize" (--b) 1`] = `"position: absolute; display: flex; align-items: center; justify-content: center; transition: background, height 125ms ease-out; z-index: 9999; top: 0px; height: 4px; width: 100%; cursor: row-resize; background: blue;"`;

exports[`Boundarize > styles > cursor > active > default styles > default cursor style should be "row-resize" (--t) 1`] = `"position: absolute; display: flex; align-items: center; justify-content: center; transition: background, height 125ms ease-out; z-index: 9999; bottom: 0px; height: 4px; width: 100%; cursor: row-resize; background: blue;"`;

exports[`Boundarize > styles > cursor > active > default styles > default cursor style should be "row-resize" (--v) 1`] = `"position: absolute; display: flex; align-items: center; justify-content: center; transition: background, height 125ms ease-out; z-index: 9999; cursor: row-resize; background: blue;"`;

exports[`Boundarize > styles > cursor > default cursor style should be "auto" 1`] = `"position: absolute; display: flex; align-items: center; justify-content: center; transition: background, height 125ms ease-out; z-index: 9999; left: 0px; width: 4px; height: 100%; cursor: auto; background: none;"`;

exports[`Boundarize > styles > custom styles > inner styles of splitter should not have to overrided by customStyles 1`] = `"left: 0px"`;

exports[`Boundarize > styles > custom styles > inner styles of splitter should not have to overrided by customStyles 2`] = `"position: absolute; display: flex; align-items: center; justify-content: center; transition: background, height 125ms ease-out; z-index: 9999; left: 0px; right: 70px; width: 12px; cursor: col-resize; background: blue; height: 100%;"`;

exports[`Boundarize > styles > custom styles > inner styles of splitter should not have to overrided by customStyles 3`] = `"width: 12px"`;

exports[`Boundarize > styles > custom styles > inner styles of splitter should not have to overrided by customStyles 4`] = `"position: absolute; display: flex; align-items: center; justify-content: center; transition: background, height 125ms ease-out; z-index: 9999; left: 0px; right: 70px; width: 12px; cursor: col-resize; background: blue; height: 100%;"`;

exports[`Boundarize > styles > custom styles > inner styles of splitter should not have to overrided by customStyles 5`] = `"height: 100%"`;

exports[`Boundarize > styles > custom styles > inner styles of splitter should not have to overrided by customStyles 6`] = `"position: absolute; display: flex; align-items: center; justify-content: center; transition: background, height 125ms ease-out; z-index: 9999; left: 0px; right: 70px; width: 12px; cursor: col-resize; background: blue; height: 100%;"`;

exports[`Boundarize > styles > custom styles > inner styles of splitter should not have to overrided by customStyles 7`] = `"position: absolute; display: flex; align-items: center; justify-content: center; transition: background, height 125ms ease-out; z-index: 9999; left: 0px; right: 70px; width: 12px; cursor: col-resize; background: blue; height: 100%;"`;
