// Vitest Snapshot v1, https://vitest.dev/guide/snapshot.html

exports[`UIGroup > should contain h postfix in class name 1`] = `"ui-group--h"`;

exports[`UIGroup > should contain v postfix in class name 1`] = `"ui-group--v"`;

exports[`UIGroup > should have "--h" postfix in class name by default 1`] = `"ui-group--h"`;

exports[`UIGroup > should render default slot with content (<p data-testid="default-content">Default Slot Content</p>) 1`] = `"<p data-testid="default-content">Default Slot Content</p>"`;
