// Vitest Snapshot v1, https://vitest.dev/guide/snapshot.html

exports[`Vue3BbResize > classes > each element should have custom prefix (my-prefix) 1`] = `
[
  "my-prefix__pane",
  "--r",
]
`;

exports[`Vue3BbResize > classes > each element should have custom prefix (my-prefix) 2`] = `
[
  "my-prefix__pane",
  "--r",
]
`;

exports[`Vue3BbResize > classes > should have "hide class by default" 1`] = `true`;

exports[`Vue3BbResize > classes > should have "show class" 1`] = `true`;

exports[`Vue3BbResize > events > drag > should emit "drag:start -> drag:move -> drag:end" with {x, y, dir} 1`] = `
[
  {
    "dir": "r",
    "x": 1,
    "y": 1,
  },
  {
    "dir": "r",
    "x": 2,
    "y": 2,
  },
  {
    "dir": "r",
    "x": 3,
    "y": 3,
  },
]
`;

exports[`Vue3BbResize > events > focus > should emit "focus" with state (false) 1`] = `false`;

exports[`Vue3BbResize > events > focus > should emit "focus" with state (true) 1`] = `true`;

exports[`Vue3BbResize > options > knob > pane (--b) should rotated to (90 deg) 1`] = `"transform: rotate(90deg);"`;

exports[`Vue3BbResize > options > knob > pane (--l) should rotated to (0 deg) 1`] = `"transform: rotate(0deg);"`;

exports[`Vue3BbResize > options > knob > pane (--r) should rotated to (0 deg) 1`] = `"transform: rotate(0deg);"`;

exports[`Vue3BbResize > options > knob > pane (--t) should rotated to (90 deg) 1`] = `"transform: rotate(90deg);"`;

exports[`Vue3BbResize > options > knob > should always show knob 1`] = `"bb-resize-knob"`;

exports[`Vue3BbResize > styles > cursor > active > custom styles (options) > custom cursor style should be "ew-resize" (--b) 1`] = `"cursor: ew-resize;"`;

exports[`Vue3BbResize > styles > cursor > active > custom styles (options) > custom cursor style should be "ew-resize" (--l) 1`] = `"cursor: ew-resize;"`;

exports[`Vue3BbResize > styles > cursor > active > custom styles (options) > custom cursor style should be "ew-resize" (--r) 1`] = `"cursor: ew-resize;"`;

exports[`Vue3BbResize > styles > cursor > active > custom styles (options) > custom cursor style should be "ew-resize" (--t) 1`] = `"cursor: ew-resize;"`;

exports[`Vue3BbResize > styles > cursor > active > custom styles (options) > the pane (--b) should have "{ left: '0px', bottom: '6px', width: '100%', height: '0px' }" styles 1`] = `"left: 0px; bottom: 6px; width: 100%; height: 0px;"`;

exports[`Vue3BbResize > styles > cursor > active > custom styles (options) > the pane (--l) should have "{ top: '0px', left: '6px', width: '0px', height: '100%' }" styles 1`] = `"top: 0px; left: 6px; width: 0px; height: 100%;"`;

exports[`Vue3BbResize > styles > cursor > active > custom styles (options) > the pane (--r) should have "{ top: '0px', right: '6px', width: '0px', height: '100%' }" styles 1`] = `"top: 0px; right: 6px; width: 0px; height: 100%;"`;

exports[`Vue3BbResize > styles > cursor > active > custom styles (options) > the pane (--t) should have "{ left: '0px', top: '6px', width: '100%', height: '0px' }" styles 1`] = `"left: 0px; top: 6px; width: 100%; height: 0px;"`;

exports[`Vue3BbResize > styles > cursor > active > custom styles (options) > the pane splitter (--b) should have "{ top: '0px', height: '12px', width: '100%' }" styles 1`] = `"top: 0px; height: 12px; width: 100%;"`;

exports[`Vue3BbResize > styles > cursor > active > custom styles (options) > the pane splitter (--l) should have "{ right: '0px', width: '12px', height: '100%' }" styles 1`] = `"right: 0px; width: 12px; height: 100%;"`;

exports[`Vue3BbResize > styles > cursor > active > custom styles (options) > the pane splitter (--r) should have "{ left: '0px', width: '12px', height: '100%' }" styles 1`] = `"left: 0px; width: 12px; height: 100%;"`;

exports[`Vue3BbResize > styles > cursor > active > custom styles (options) > the pane splitter (--t) should have "{ bottom: '0px', height: '12px', width: '100%' }" styles 1`] = `"bottom: 0px; height: 12px; width: 100%;"`;

exports[`Vue3BbResize > styles > cursor > active > default styles > default cursor style should be "col-resize" (--h) 1`] = `"cursor: col-resize;"`;

exports[`Vue3BbResize > styles > cursor > active > default styles > default cursor style should be "col-resize" (--l) 1`] = `"cursor: col-resize;"`;

exports[`Vue3BbResize > styles > cursor > active > default styles > default cursor style should be "col-resize" (--r) 1`] = `"cursor: col-resize;"`;

exports[`Vue3BbResize > styles > cursor > active > default styles > default cursor style should be "row-resize" (--b) 1`] = `"cursor: row-resize;"`;

exports[`Vue3BbResize > styles > cursor > active > default styles > default cursor style should be "row-resize" (--t) 1`] = `"cursor: row-resize;"`;

exports[`Vue3BbResize > styles > cursor > active > default styles > default cursor style should be "row-resize" (--v) 1`] = `"cursor: row-resize;"`;

exports[`Vue3BbResize > styles > cursor > default cursor style should be "auto" 1`] = `"cursor: auto;"`;

exports[`Vue3BbResize > styles > custom styles > inner styles of splitter should not have to overrided by customStyles 1`] = `"left: 0px"`;

exports[`Vue3BbResize > styles > custom styles > inner styles of splitter should not have to overrided by customStyles 2`] = `"left: 0px; right: 70px; width: 12px; cursor: col-resize; height: 100%;"`;

exports[`Vue3BbResize > styles > custom styles > inner styles of splitter should not have to overrided by customStyles 3`] = `"width: 12px"`;

exports[`Vue3BbResize > styles > custom styles > inner styles of splitter should not have to overrided by customStyles 4`] = `"left: 0px; right: 70px; width: 12px; cursor: col-resize; height: 100%;"`;

exports[`Vue3BbResize > styles > custom styles > inner styles of splitter should not have to overrided by customStyles 5`] = `"height: 100%"`;

exports[`Vue3BbResize > styles > custom styles > inner styles of splitter should not have to overrided by customStyles 6`] = `"left: 0px; right: 70px; width: 12px; cursor: col-resize; height: 100%;"`;

exports[`Vue3BbResize > styles > custom styles > inner styles of splitter should not have to overrided by customStyles 7`] = `"left: 0px; right: 70px; width: 12px; cursor: col-resize; height: 100%;"`;
