// Vitest Snapshot v1, https://vitest.dev/guide/snapshot.html

exports[`ResizeBoundingPane > classes > states > should have ".focused" class name (if addStateClasses) 1`] = `true`;

exports[`ResizeBoundingPane > classes > states > should have ".normal" class name by default (if addStateClasses) 1`] = `true`;

exports[`ResizeBoundingPane > classes > states > should have ".pressed" class name (if addStateClasses) 1`] = `true`;

exports[`ResizeBoundingPane > classes > states > should have ."active" class name 1`] = `true`;

exports[`ResizeBoundingPane > classes > states > should not have ".normal" class name by default 1`] = `false`;

exports[`ResizeBoundingPane > events > drag > should emit "drag:start -> drag:move -> drag:end" with {x, y, dir} 1`] = `
[
  {
    "dir": "r",
    "x": 1,
    "y": 1,
  },
  {
    "dir": "r",
    "x": 2,
    "y": 2,
  },
  {
    "dir": "r",
    "x": 3,
    "y": 3,
  },
]
`;

exports[`ResizeBoundingPane > events > focus > should emit "focus" with state (false) 1`] = `false`;

exports[`ResizeBoundingPane > events > focus > should emit "focus" with state (true) 1`] = `true`;

exports[`ResizeBoundingPane > options > knob > pane (--b) should rotated to (0 deg) 1`] = `"transform: rotate(0deg);"`;

exports[`ResizeBoundingPane > options > knob > pane (--l) should rotated to (90 deg) 1`] = `"transform: rotate(90deg);"`;

exports[`ResizeBoundingPane > options > knob > pane (--r) should rotated to (90 deg) 1`] = `"transform: rotate(90deg);"`;

exports[`ResizeBoundingPane > options > knob > pane (--t) should rotated to (0 deg) 1`] = `"transform: rotate(0deg);"`;

exports[`ResizeBoundingPane > options > knob > should always show knob 1`] = `"resize-bounding-knob"`;

exports[`ResizeBoundingPane > options > knob > should not render the knob if { normalHidden: true } 1`] = `false`;

exports[`ResizeBoundingPane > slots > should render knob slot (<p>knob</p>)> 1`] = `"knob"`;

exports[`ResizeBoundingPane > styles > cursor > active > custom styles (options) > custom cursor style should be "ew-resize" (--b) 1`] = `"cursor: ew-resize;"`;

exports[`ResizeBoundingPane > styles > cursor > active > custom styles (options) > custom cursor style should be "ew-resize" (--l) 1`] = `"cursor: ew-resize;"`;

exports[`ResizeBoundingPane > styles > cursor > active > custom styles (options) > custom cursor style should be "ew-resize" (--r) 1`] = `"cursor: ew-resize;"`;

exports[`ResizeBoundingPane > styles > cursor > active > custom styles (options) > custom cursor style should be "ew-resize" (--t) 1`] = `"cursor: ew-resize;"`;

exports[`ResizeBoundingPane > styles > cursor > active > custom styles (options) > the pane (--b) should have "{ left: '0px', bottom: '-6px', width: '100%', height: '12px' }" styles 1`] = `"left: 0px; bottom: -6px; width: 100%; height: 12px;"`;

exports[`ResizeBoundingPane > styles > cursor > active > custom styles (options) > the pane (--l) should have "{ top: '0px', left: '-6px', width: '12px', height: '100%' }" styles 1`] = `"top: 0px; left: -6px; width: 12px; height: 100%;"`;

exports[`ResizeBoundingPane > styles > cursor > active > custom styles (options) > the pane (--r) should have "{ top: '0px', right: '-6px', width: '12px', height: '100%' }" styles 1`] = `"top: 0px; right: -6px; width: 12px; height: 100%;"`;

exports[`ResizeBoundingPane > styles > cursor > active > custom styles (options) > the pane (--t) should have "{ left: '0px', top: '-6px', width: '100%', height: '12px' }" styles 1`] = `"left: 0px; top: -6px; width: 100%; height: 12px;"`;

exports[`ResizeBoundingPane > styles > cursor > active > custom styles (options) > the pane splitter (--b) should have "{ top: '0px', height: '12px', width: '100%' }" styles 1`] = `"top: 0px; height: 12px; width: 100%;"`;

exports[`ResizeBoundingPane > styles > cursor > active > custom styles (options) > the pane splitter (--l) should have "{ right: '0px', width: '12px', height: '100%' }" styles 1`] = `"right: 0px; width: 12px; height: 100%;"`;

exports[`ResizeBoundingPane > styles > cursor > active > custom styles (options) > the pane splitter (--r) should have "{ left: '0px', width: '12px', height: '100%' }" styles 1`] = `"left: 0px; width: 12px; height: 100%;"`;

exports[`ResizeBoundingPane > styles > cursor > active > custom styles (options) > the pane splitter (--t) should have "{ bottom: '0px', height: '12px', width: '100%' }" styles 1`] = `"bottom: 0px; height: 12px; width: 100%;"`;

exports[`ResizeBoundingPane > styles > cursor > active > default styles > default cursor style should be "col-resize" (--l) 1`] = `"top: 0px; left: -2px; width: 4px; height: 100%; cursor: col-resize;"`;

exports[`ResizeBoundingPane > styles > cursor > active > default styles > default cursor style should be "col-resize" (--r) 1`] = `"top: 0px; right: -2px; width: 4px; height: 100%; cursor: col-resize;"`;

exports[`ResizeBoundingPane > styles > cursor > active > default styles > default cursor style should be "row-resize" (--b) 1`] = `"left: 0px; bottom: -2px; width: 100%; height: 4px; cursor: row-resize;"`;

exports[`ResizeBoundingPane > styles > cursor > active > default styles > default cursor style should be "row-resize" (--t) 1`] = `"left: 0px; top: -2px; width: 100%; height: 4px; cursor: row-resize;"`;

exports[`ResizeBoundingPane > styles > cursor > default cursor style should be "auto" 1`] = `"top: 0px; right: -2px; width: 4px; height: 100%; cursor: auto;"`;
